1..3
ok 1 - Sample 1
ok 2 - Sample 2
ok 3 - should 2 != 3
not ok 4 - Failed TODO # TODO Should be skipped
#   Failed(TODO) test 'Failed TODO'
#   at test/tap-test.c line 11.
ok 5 - Sample 3 # TODO Should be skipped
ok 6 - foo == foo # TODO Should be skipped
