1..2
ok 1 - default verbosity is 0
ok 2 - verbosity is 1 now
